Closes #32 Adicionei um título